---
source: crates/whiphand-tui/tests/snapshots.rs
expression: "render(model, size)"
---
"whiphand  /home/dev/shop  · Runs  (experimental)                                "
"┌ Runs ─┌ Keys ────────────────────────────────────────────────────────┐───────┐"
"│Workflo│Runs                                                          │Elapsed│"
"│feature│  /             filter                                        │5m 0s  │"
"│cycle  │  o             ongoing runs in every workspace               │9m 30s │"
"│bugfix │                                                              │1h 2m  │"
"│feature│Everywhere                                                    │42s    │"
"│       │  ?             this help                                     │       │"
"│       │  q Esc         back; quit from the first screen              │       │"
"│       │  Q Ctrl-c      quit                                          │       │"
"│       │  g             go to a screen (then w, r or d)               │       │"
"│       │  j ↓           down                                          │       │"
"│       │  k ↑           up                                            │       │"
"│       │  PgDn Ctrl-d   page down                                     │       │"
"│       │  PgUp Ctrl-u   page up                                       │       │"
"│       │  Home          top                                           │       │"
"│       │  G End         bottom; the log follows again                 │       │"
"│       │  Enter         open                                          │       │"
"│       │                                                              │       │"
"│       │Go to (after g)                                               │       │"
"│       │  g w           workspaces                                    │       │"
"│       │  g r           runs                                          │       │"
"└───────└──────────────────────────────────────────────────────────────┘───────┘"
" / filter  ·  o ongoing runs in every workspace  ·  ? help  ·  q back           "
