---
source: crates/whiphand-tui/tests/snapshots.rs
expression: "render(model, size)"
---
"whiphand  /home/dev/shop  · Runs  (experimental)                                                                                                                                                        "
"┌ Runs ────────────────────────────────────────────────────────────────────────────────────────────────────────────────────────────────────────────────────────────────────────────────────────────────┐"
"│No runs in this workspace yet.                                                                                                                                                                        │"
"│                                                                                                                                                                                                      │"
"│                                                                                                                                                                                                      │"
"│                                                                                                                                                                                                      │"
"│                                                                                                                                                                                                      │"
"│                                                                                                                                                                                                      │"
"│                                                                                                                                                                                                      │"
"│                                                                                                                                                                                                      │"
"│                                                                                                                                                                                                      │"
"│                                                                                                                                                                                                      │"
"│                                                                                                                                                                                                      │"
"│                                                                                                                                                                                                      │"
"│                                                                                                                                                                                                      │"
"│                                                                                                                                                                                                      │"
"│                                                                                                                                                                                                      │"
"│                                                                                                                                                                                                      │"
"│                                                                                                                                                                                                      │"
"│                                                                                                                                                                                                      │"
"│                                                                                                                                                                                                      │"
"│                                                                                                                                                                                                      │"
"│                                                                                                                                                                                                      │"
"│                                                                                                                                                                                                      │"
"│                                                                                                                                                                                                      │"
"│                                                                                                                                                                                                      │"
"│                                                                                                                                                                                                      │"
"│                                                                                                                                                                                                      │"
"│                                                                                                                                                                                                      │"
"│                                                                                                                                                                                                      │"
"│                                                                                                                                                                                                      │"
"│                                                                                                                                                                                                      │"
"│                                                                                                                                                                                                      │"
"│                                                                                                                                                                                                      │"
"│                                                                                                                                                                                                      │"
"│                                                                                                                                                                                                      │"
"│                                                                                                                                                                                                      │"
"│                                                                                                                                                                                                      │"
"│                                                                                                                                                                                                      │"
"│                                                                                                                                                                                                      │"
"│                                                                                                                                                                                                      │"
"│                                                                                                                                                                                                      │"
"│                                                                                                                                                                                                      │"
"│                                                                                                                                                                                                      │"
"│                                                                                                                                                                                                      │"
"│                                                                                                                                                                                                      │"
"│                                                                                                                                                                                                      │"
"│                                                                                                                                                                                                      │"
"└──────────────────────────────────────────────────────────────────────────────────────────────────────────────────────────────────────────────────────────────────────────────────────────────────────┘"
" / filter  ·  n new run  ·  o ongoing runs in every workspace  ·  c cancel the run  ·  r resume the run  ·  R rename the run  ·  L lock or unlock the run  ·  x delete the run  ·  ? help  ·  q back    "
