---
source: crates/whiphand-tui/tests/snapshots.rs
expression: "render(model, size)"
---
"whiphand  /home/dev/shop  · Runs  (experimental)                                                                                                                                                        "
"┌ Runs ────────────────────────────────────────────────────────────────────────────────────────────────────────────────────────────────────────────────────────────────────────────────────────────────┐"
"│Workflow     Run                                                                                                                                              Status              Step         Elapsed│"
"│feature      checkout flow (20261010-100000-a1b2)                                                                                                             running · waiting   plan         5m 0s  │"
"│cycle        20261010-095500-c3d4                                                                                                                             running · foreign   fix-cycle    9m 30s │"
"│bugfix       20261009-170000-e5f6 [locked]                                                                                                                    failed                           1h 2m  │"
"│feature      20261009-120000-0789                                                                                                                             succeeded                        42s    │"
"│                                                                                                                                                                                                      │"
"│                                                                                                                                                                                                      │"
"│                                                                                                                                                                                                      │"
"│                                                                                                                                                                                                      │"
"│                                                                                                                                                                                                      │"
"│                                                                                                                                                                                                      │"
"│                                                                   ┌ Keys ────────────────────────────────────────────────────────┐                                                                   │"
"│                                                                   │Runs                                                          │                                                                   │"
"│                                                                   │  /             filter                                        │                                                                   │"
"│                                                                   │  o             ongoing runs in every workspace               │                                                                   │"
"│                                                                   │                                                              │                                                                   │"
"│                                                                   │Everywhere                                                    │                                                                   │"
"│                                                                   │  ?             this help                                     │                                                                   │"
"│                                                                   │  q Esc         back; quit from the first screen              │                                                                   │"
"│                                                                   │  Q Ctrl-c      quit                                          │                                                                   │"
"│                                                                   │  g             go to a screen (then w, r or d)               │                                                                   │"
"│                                                                   │  j ↓           down                                          │                                                                   │"
"│                                                                   │  k ↑           up                                            │                                                                   │"
"│                                                                   │  PgDn Ctrl-d   page down                                     │                                                                   │"
"│                                                                   │  PgUp Ctrl-u   page up                                       │                                                                   │"
"│                                                                   │  Home          top                                           │                                                                   │"
"│                                                                   │  G End         bottom; the log follows again                 │                                                                   │"
"│                                                                   │  Enter         open                                          │                                                                   │"
"│                                                                   │                                                              │                                                                   │"
"│                                                                   │Go to (after g)                                               │                                                                   │"
"│                                                                   │  g w           workspaces                                    │                                                                   │"
"│                                                                   │  g r           runs                                          │                                                                   │"
"│                                                                   │  g d           doctor                                        │                                                                   │"
"│                                                                   │                                                              │                                                                   │"
"│                                                                   │any key closes this                                           │                                                                   │"
"│                                                                   └──────────────────────────────────────────────────────────────┘                                                                   │"
"│                                                                                                                                                                                                      │"
"│                                                                                                                                                                                                      │"
"│                                                                                                                                                                                                      │"
"│                                                                                                                                                                                                      │"
"│                                                                                                                                                                                                      │"
"│                                                                                                                                                                                                      │"
"│                                                                                                                                                                                                      │"
"│                                                                                                                                                                                                      │"
"│                                                                                                                                                                                                      │"
"│                                                                                                                                                                                                      │"
"└──────────────────────────────────────────────────────────────────────────────────────────────────────────────────────────────────────────────────────────────────────────────────────────────────────┘"
" / filter  ·  o ongoing runs in every workspace  ·  ? help  ·  q back                                                                                                                                   "
