---
source: crates/whiphand-tui/tests/snapshots.rs
expression: "render(model, size)"
---
"whiphand  /home/dev/shop  (experimental)                                        "
"┌ Runs ────────────────────────────────────────────────────────────────────────┐"
"│No runs in this workspace yet.                                                │"
"│                                                                              │"
"│                                                                              │"
"│                                                                              │"
"│                                                                              │"
"│                                                                              │"
"│                                                                              │"
"│                                                                              │"
"│                                                                              │"
"│                                                                              │"
"│                                                                              │"
"│                                                                              │"
"│                                                                              │"
"│                                                                              │"
"│                                                                              │"
"│                                                                              │"
"│                                                                              │"
"│                                                                              │"
"│                                                                              │"
"│                                                                              │"
"└──────────────────────────────────────────────────────────────────────────────┘"
" j/k move  ·  q quit                                                            "
